[02:37:28] [ServerMain/INFO]: [bootstrap] Running Java 25 (OpenJDK 64-Bit Server VM 25.0.3+9-2-24.04.2-Ubuntu; Ubuntu null) on Linux 6.8.0-1052-azure (amd64)
[02:37:28] [ServerMain/INFO]: [bootstrap] Loading Paper 26.1.2-60-main@b4682bf (2026-05-04T06:25:04Z) for Minecraft 26.1.2
[02:37:28] [ServerMain/INFO]: [PluginInitializerManager] Initializing plugins...
[02:37:29] [ServerMain/INFO]: [PluginInitializerManager] Initialized 4 plugins
[02:37:29] [ServerMain/INFO]: [PluginInitializerManager] Bukkit plugins (4):
 - Geyser-Spigot (2.11.1-SNAPSHOT), ViaBackwards (5.11.0), ViaVersion (5.11.0), floodgate (2.2.5-SNAPSHOT (b138-fc99cfc))
[02:37:33] [ServerMain/INFO]: Environment: Environment[sessionHost=https://sessionserver.mojang.com, servicesHost=https://api.minecraftservices.com, profilesHost=https://api.mojang.com, name=PROD]
[02:37:36] [ServerMain/INFO]: Loaded 1515 recipes
[02:37:36] [ServerMain/INFO]: Loaded 1617 advancements
[02:37:36] [ServerMain/INFO]: [ca.spottedleaf.dataconverter.minecraft.datatypes.MCTypeRegistry] Initialising converters for DataConverter...
[02:37:36] [ServerMain/INFO]: [ca.spottedleaf.dataconverter.minecraft.datatypes.MCTypeRegistry] Finished initialising converters for DataConverter in 470.3ms
[02:37:37] [Server thread/INFO]: Starting minecraft server version 26.1.2
[02:37:37] [Server thread/INFO]: Loading properties
[02:37:37] [Server thread/INFO]: This server is running Paper version 26.1.2-60-main@b4682bf (2026-05-04T06:25:04Z) (Implementing API version 26.1.2.build.60-stable)
[02:37:38] [Server thread/INFO]: [spark] This server bundles the spark profiler. For more information please visit https://docs.papermc.io/paper/profiling
[02:37:38] [Server thread/INFO]: Server Ping Player Sample Count: 12
[02:37:38] [Server thread/INFO]: Using 4 threads for Netty based IO
[02:37:38] [Server thread/INFO]: [MoonriseCommon] Paper is using 1 worker threads, 1 I/O threads
[02:37:39] [Server thread/INFO]: Default game type: SURVIVAL
[02:37:39] [Server thread/INFO]: Generating keypair
[02:37:39] [Server thread/INFO]: Starting Minecraft server on *:25565
[02:37:39] [Server thread/INFO]: Paper: Using libdeflate (Linux x86_64) compression from Velocity.
[02:37:39] [Server thread/INFO]: Paper: Using OpenSSL 3.x.x (Linux x86_64) cipher from Velocity.
[02:37:40] [Server thread/INFO]: [floodgate] Loading server plugin floodgate v2.2.5-SNAPSHOT (b138-fc99cfc)
[02:37:41] [Server thread/WARN]: [floodgate] en_ is not a supported Floodgate language.
[02:37:41] [Server thread/INFO]: [floodgate] Took 1,147ms to boot Floodgate
[02:37:41] [Server thread/INFO]: [ViaVersion] Loading server plugin ViaVersion v5.11.0
[02:37:41] [Server thread/INFO]: [ViaVersion] ViaVersion 5.11.0 is now loaded. Registering protocol transformers and injecting...
[02:37:42] [Server thread/INFO]: [ViaBackwards] Loading translations...
[02:37:42] [Server thread/INFO]: [ViaBackwards] Registering protocols...
[02:37:42] [Server thread/INFO]: [Geyser-Spigot] Loading server plugin Geyser-Spigot v2.11.1-SNAPSHOT
[02:37:43] [Server thread/INFO]: [Geyser-Spigot] Loading extensions...
[02:37:43] [Server thread/INFO]: [Geyser-Spigot] Loaded 0 extension(s)
[02:37:43] [Server thread/INFO]: [ViaBackwards] Loading server plugin ViaBackwards v5.11.0
[02:37:43] [Server thread/INFO]: Server permissions file permissions.yml is empty, ignoring it
[02:37:43] [Server thread/WARN]: **** SERVER IS RUNNING IN OFFLINE/INSECURE MODE!
[02:37:43] [Server thread/WARN]: The server will make no attempt to authenticate usernames. Beware.
[02:37:43] [Server thread/WARN]: While this makes the game possible to play without internet access, it also opens up the ability for hackers to connect with any username they choose.
[02:37:43] [Server thread/WARN]: To change this, set "online-mode" to "true" in the server.properties file.
[02:37:43] [Server thread/INFO]: Preparing level "world"
[02:37:44] [Server thread/INFO]: Loading 0 persistent chunks for level 'minecraft:overworld'...
[02:37:44] [Server thread/INFO]: Prepared spawn area in 1 ms
[02:37:44] [Server thread/INFO]: Loading 0 persistent chunks for level 'minecraft:the_nether'...
[02:37:44] [Server thread/INFO]: Prepared spawn area in 0 ms
[02:37:44] [Server thread/INFO]: Loading 0 persistent chunks for level 'minecraft:the_end'...
[02:37:44] [Server thread/INFO]: Prepared spawn area in 1 ms
[02:37:44] [Server thread/INFO]: Done preparing level "world" (0.466s)
[02:37:44] [Server thread/INFO]: [floodgate] Enabling floodgate v2.2.5-SNAPSHOT (b138-fc99cfc)
[02:37:44] [Server thread/INFO]: [ViaVersion] Enabling ViaVersion v5.11.0
[02:37:44] [Server thread/INFO]: [ViaVersion] ViaVersion detected server version: 26.1-26.1.2 (775)
[02:37:44] [Server thread/INFO]: [Geyser-Spigot] Enabling Geyser-Spigot v2.11.1-SNAPSHOT
[02:37:45] [Server thread/INFO]: [ViaBackwards] Enabling ViaBackwards v5.11.0
[02:37:45] [Server thread/INFO]: [spark] Starting background profiler...
[02:37:46] [Server thread/INFO]: [Geyser-Spigot] ******************************************
[02:37:46] [Server thread/INFO]: [Geyser-Spigot] 
[02:37:46] [Server thread/INFO]: [Geyser-Spigot] Loading Geyser version 2.11.1-b1210 (git-master-6e70ba2)
[02:37:46] [Server thread/INFO]: [Geyser-Spigot] 
[02:37:46] [Server thread/INFO]: [Geyser-Spigot] ******************************************
[02:37:47] [Server thread/INFO]: [Geyser-Spigot] Registered 199 custom block overrides.
[02:37:47] [Server thread/INFO]: [Geyser-Spigot] Registered 2 custom block item overrides.
[02:37:47] [Server thread/INFO]: [Geyser-Spigot] Registered 7 custom blocks.
[02:37:49] [Server thread/INFO]: [Geyser-Spigot] Registered 1 custom items
[02:37:50] [GeyserServer-3-1/INFO]: [Geyser-Spigot] Started Geyser on UDP port 52685
[02:37:50] [Server thread/INFO]: [Geyser-Spigot] Done (4.045s)! Run /geyser help for help!
[02:37:51] [Server thread/INFO]: Saving chunks for level 'ServerLevel[world]'/minecraft:overworld
[02:37:51] [Server thread/INFO]: Saving chunks for level 'ServerLevel[world]'/minecraft:the_nether
[02:37:51] [Server thread/INFO]: Saving chunks for level 'ServerLevel[world]'/minecraft:the_end
[02:37:51] [Server thread/INFO]: ThreadedAnvilChunkStorage (world): All chunks are saved
[02:37:51] [Server thread/INFO]: ThreadedAnvilChunkStorage (DIM-1): All chunks are saved
[02:37:51] [Server thread/INFO]: ThreadedAnvilChunkStorage (DIM1): All chunks are saved
[02:37:51] [Server thread/INFO]: ThreadedAnvilChunkStorage: All dimensions are saved
[02:37:51] [Server thread/INFO]: Running delayed init tasks
[02:37:51] [Craft Scheduler Thread - 2 - ViaVersion/INFO]: [ViaVersion] Finished mapping loading, shutting down loader executor.
[02:37:51] [Server thread/INFO]: Done (24.910s)! For help, type "help"
[02:37:51] [Paper Async Task Handler Thread - 1/WARN]: *** You are running an outdated version of Minecraft, which is 2 release(s) and 14 build(s) behind!
[02:37:51] [Paper Async Task Handler Thread - 1/WARN]: *** Please update to the latest stable version on https://papermc.io/downloads/paper ***
[02:43:45] [User Authenticator #0/INFO]: UUID of player lob0t is 57c1965c-9fdd-32e4-90e3-af13364b1132
[02:43:49] [Server thread/INFO]: lob0t joined the game
[02:43:49] [Server thread/INFO]: lob0t[/127.81.249.227:41009] logged in with entity id 9 at ([minecraft:overworld]-40.95474829122435, 62.36713200081165, -602.6863050642319)
[02:43:55] [Server thread/WARN]: [ca.spottedleaf.moonrise.patches.chunk_system.level.entity.EntityLookup] Entity uuid already exists: 674b54ad-378e-45aa-ba44-670ae641471b, mapped to Sheep['Sheep'/269, uuid='674b54ad-378e-45aa-ba44-670ae641471b', l='ServerLevel[world]', x=69.72, y=88.00, z=-781.77, cpos=[4, -49], tl=0, v=true], can't add Sheep['Sheep'/288, uuid='674b54ad-378e-45aa-ba44-670ae641471b', l='ServerLevel[world]', x=69.57, y=87.00, z=-784.82, cpos=[4, -50], tl=0, v=false]
[02:44:22] [Server thread/INFO]: lob0t drowned
[02:47:56] [GeyserServerChild-4-1/INFO]: [Geyser-Spigot] Player connected with username AguitaFrescita (2168)
[02:47:56] [localSession-7-2/INFO]: [Geyser-Spigot] AguitaFrescita (logged in as: AguitaFrescita) has connected to the Java server
[02:47:57] [Server thread/INFO]: [floodgate] Floodgate player logged in as .AguitaFrescita joined (UUID: 00000000-0000-0000-0009-01f33900d155)
[02:47:57] [Server thread/INFO]: .AguitaFrescita joined the game
[02:47:57] [Server thread/INFO]: .AguitaFrescita[/127.44.0.40:0] logged in with entity id 782 at ([minecraft:overworld]51.17567, 69.0, -3382.3132)
[02:48:22] [Server thread/INFO]: Teleported lob0t to .AguitaFrescita
